abi      = Ok (ok, native ABI 96, retroactive ranges)
create   = Ok
exact literals:
  0.1 -> 1/10  OK
  0.2 -> 1/5  OK
  0.07 -> 7/100  OK
  1.5 -> 3/2  OK
  0.10 -> 1/10  OK
  50.00 -> 50/1  OK
  0 -> 0/1  OK
  7 -> 7/1  OK
  1e3 -> 1000/1  OK
  2.5E-4 -> 1/4000  OK
arithmetic:
  0.1+0.2 -> 3/10  OK
  1/3 -> 1/3  OK
  50% -> 1/2  OK
  0.5% -> 1/200  OK
  -0.25 -> -1/4  OK
power:
  2^3 -> 8/1  OK
  2^-3 -> 1/8  OK
  (-2)^3 -> -8/1  OK
  0^0 -> 1/1  OK
  2^0.5 -> status=Ok error=6  OK
refusals:
  1e-23 -> ErrOverflow  OK refused
  9223372036854775808 -> ErrOverflow  OK refused
  1&2 -> ErrUnsupported  OK refused
cases    = 23
ALL PASS failures=0
